[01:08:36] 🔥 배치 시작 (28개)
[01:08:36] 🚀 01_구슬_프롬프트 [1패스]
[01:15:01]   ✅ 1패스      796bytes
[01:15:01] 🚀 01_구슬_프롬프트 [2패스]
[01:25:12] 🎉 01_구슬_프롬프트 완료     1520bytes
[01:25:12] 🚀 02_현자_캐릭터 [1패스]
[01:30:02]   ✅ 1패스     1140bytes
[01:30:02] 🚀 02_현자_캐릭터 [2패스]
[01:33:35] ⚠️ 결과 없음. 3분 대기 후 재시도
[01:39:28] ⚠️ 결과 없음. 3분 대기 후 재시도
[01:46:44] ⚠️ 결과 없음. 3분 대기 후 재시도
[01:53:44] ⚠️ 결과 없음. 3분 대기 후 재시도
[02:00:31] ⚠️ 결과 없음. 3분 대기 후 재시도
[02:07:53] ⚠️ 결과 없음. 3분 대기 후 재시도
[02:11:58] ⚠️ 결과 없음. 3분 대기 후 재시도
[02:15:54] ⚠️ 결과 없음. 3분 대기 후 재시도
[02:20:05] ⚠️ 결과 없음. 3분 대기 후 재시도
[02:24:05] ⚠️ 결과 없음. 3분 대기 후 재시도
[02:28:06] ⚠️ 결과 없음. 3분 대기 후 재시도
[02:32:04] ⚠️ 결과 없음. 3분 대기 후 재시도
[02:35:58] ⚠️ 결과 없음. 3분 대기 후 재시도
[02:40:04] ⚠️ 결과 없음. 3분 대기 후 재시도
[02:44:05] ⚠️ 결과 없음. 3분 대기 후 재시도
[02:48:37] ⚠️ 결과 없음. 3분 대기 후 재시도
[02:52:34] ⚠️ 결과 없음. 3분 대기 후 재시도
[02:56:27] ⚠️ 결과 없음. 3분 대기 후 재시도
[03:02:00] ⚠️ 결과 없음. 3분 대기 후 재시도
[03:05:59] ⚠️ 결과 없음. 3분 대기 후 재시도
[03:09:57] ⚠️ 결과 없음. 3분 대기 후 재시도
[03:13:50] ⚠️ 결과 없음. 3분 대기 후 재시도
[03:17:43] ⚠️ 결과 없음. 3분 대기 후 재시도
[03:21:35] ⚠️ 결과 없음. 3분 대기 후 재시도
[03:25:43] ⚠️ 결과 없음. 3분 대기 후 재시도
[03:29:34] ⚠️ 결과 없음. 3분 대기 후 재시도
[03:33:26] ⚠️ 결과 없음. 3분 대기 후 재시도
[03:37:24] ⚠️ 결과 없음. 3분 대기 후 재시도
[03:41:22] ⚠️ 결과 없음. 3분 대기 후 재시도
[03:45:21] ⚠️ 결과 없음. 3분 대기 후 재시도
[03:49:24] ⚠️ 결과 없음. 3분 대기 후 재시도
[03:53:26] ⚠️ 결과 없음. 3분 대기 후 재시도
[03:57:21] ⚠️ 결과 없음. 3분 대기 후 재시도
[04:01:15] ⚠️ 결과 없음. 3분 대기 후 재시도
[04:05:19] ⚠️ 결과 없음. 3분 대기 후 재시도
[04:09:13] ⚠️ 결과 없음. 3분 대기 후 재시도
[04:13:09] ⚠️ 결과 없음. 3분 대기 후 재시도
[04:17:05] ⚠️ 결과 없음. 3분 대기 후 재시도
[04:21:00] ⚠️ 결과 없음. 3분 대기 후 재시도
[04:24:55] ⚠️ 결과 없음. 3분 대기 후 재시도
[04:29:52] ⚠️ 결과 없음. 3분 대기 후 재시도
[04:33:59] ⚠️ 결과 없음. 3분 대기 후 재시도
[04:37:55] ⚠️ 결과 없음. 3분 대기 후 재시도
[04:41:49] ⚠️ 결과 없음. 3분 대기 후 재시도
[04:45:53] ⚠️ 결과 없음. 3분 대기 후 재시도
[04:49:51] ⚠️ 결과 없음. 3분 대기 후 재시도
[04:53:45] ⚠️ 결과 없음. 3분 대기 후 재시도
[04:57:39] ⚠️ 결과 없음. 3분 대기 후 재시도
[05:01:33] ⚠️ 결과 없음. 3분 대기 후 재시도
[05:05:27] ⚠️ 결과 없음. 3분 대기 후 재시도
[05:09:25] ⚠️ 결과 없음. 3분 대기 후 재시도
[05:13:17] ⚠️ 결과 없음. 3분 대기 후 재시도
[05:17:20] ⚠️ 결과 없음. 3분 대기 후 재시도
[05:21:17] ⚠️ 결과 없음. 3분 대기 후 재시도
[05:25:11] ⚠️ 결과 없음. 3분 대기 후 재시도
[05:29:02] ⚠️ 결과 없음. 3분 대기 후 재시도
[05:32:57] ⚠️ 결과 없음. 3분 대기 후 재시도
[05:36:47] ⚠️ 결과 없음. 3분 대기 후 재시도
[05:40:46] ⚠️ 결과 없음. 3분 대기 후 재시도
[05:44:59] ⚠️ 결과 없음. 3분 대기 후 재시도
[05:48:54] ⚠️ 결과 없음. 3분 대기 후 재시도
[05:52:50] ⚠️ 결과 없음. 3분 대기 후 재시도
[05:56:50] ⚠️ 결과 없음. 3분 대기 후 재시도
[06:00:54] ⚠️ 결과 없음. 3분 대기 후 재시도
[06:04:52] ⚠️ 결과 없음. 3분 대기 후 재시도
[06:08:51] ⚠️ 결과 없음. 3분 대기 후 재시도
[06:12:47] ⚠️ 결과 없음. 3분 대기 후 재시도
[06:16:42] ⚠️ 결과 없음. 3분 대기 후 재시도
[06:20:39] ⚠️ 결과 없음. 3분 대기 후 재시도
[06:24:39] ⚠️ 결과 없음. 3분 대기 후 재시도
[06:28:37] ⚠️ 결과 없음. 3분 대기 후 재시도
[06:32:35] ⚠️ 결과 없음. 3분 대기 후 재시도
[06:36:29] ⚠️ 결과 없음. 3분 대기 후 재시도
[06:40:41] ⚠️ 결과 없음. 3분 대기 후 재시도
[06:44:33] ⚠️ 결과 없음. 3분 대기 후 재시도
[06:48:31] ⚠️ 결과 없음. 3분 대기 후 재시도
[06:52:31] ⚠️ 결과 없음. 3분 대기 후 재시도
[06:56:25] ⚠️ 결과 없음. 3분 대기 후 재시도
[07:00:19] ⚠️ 결과 없음. 3분 대기 후 재시도
[07:04:20] ⚠️ 결과 없음. 3분 대기 후 재시도
[07:08:15] ⚠️ 결과 없음. 3분 대기 후 재시도
[07:12:38] ⚠️ 결과 없음. 3분 대기 후 재시도
[07:16:37] ⚠️ 결과 없음. 3분 대기 후 재시도
[07:20:39] ⚠️ 결과 없음. 3분 대기 후 재시도
[07:24:32] ⚠️ 결과 없음. 3분 대기 후 재시도
[07:28:27] ⚠️ 결과 없음. 3분 대기 후 재시도
[07:32:18] ⚠️ 결과 없음. 3분 대기 후 재시도
[07:36:19] ⚠️ 결과 없음. 3분 대기 후 재시도
[07:40:12] ⚠️ 결과 없음. 3분 대기 후 재시도
[07:44:02] ⚠️ 결과 없음. 3분 대기 후 재시도
[07:47:57] ⚠️ 결과 없음. 3분 대기 후 재시도
[07:52:19] ⚠️ 결과 없음. 3분 대기 후 재시도
[07:56:34] ⚠️ 결과 없음. 3분 대기 후 재시도
[08:00:42] ⚠️ 결과 없음. 3분 대기 후 재시도
[08:04:33] ⚠️ 결과 없음. 3분 대기 후 재시도
[08:09:11] ⚠️ 결과 없음. 3분 대기 후 재시도
[08:13:03] ⚠️ 결과 없음. 3분 대기 후 재시도
[08:16:55] ⚠️ 결과 없음. 3분 대기 후 재시도
[08:20:41] ⚠️ 결과 없음. 3분 대기 후 재시도
[08:24:44] ⚠️ 결과 없음. 3분 대기 후 재시도
[08:28:30] ⚠️ 결과 없음. 3분 대기 후 재시도
[08:32:54] ⚠️ 결과 없음. 3분 대기 후 재시도
[08:36:49] ⚠️ 결과 없음. 3분 대기 후 재시도
[08:40:54] ⚠️ 결과 없음. 3분 대기 후 재시도
[08:44:48] ⚠️ 결과 없음. 3분 대기 후 재시도
[08:48:47] ⚠️ 결과 없음. 3분 대기 후 재시도
